// Jest Snapshot v1, https://goo.gl/fbAQLP

exports[`<FlightStopsIcon /> should render the matched icon 1`] = `
.c1 {
  display: inline-block;
  vertical-align: middle;
  overflow: hidden;
}

.c0 {
  display: flex;
  gap: 2.8rem;
  justify-content: center;
}

.c0 >* {
  flex: 0 0 100%;
}

<div
  class="c0"
>
  <svg
    aria-hidden="true"
    class="c1 flight-takeoff"
    fill="currentColor"
    focusable="false"
    viewBox="0 0 24 24"
    xmlns="http://www.w3.org/2000/svg"
  >
    <path
      d="M20.5 19h-17c-.55 0-1 .45-1 1s.45 1 1 1h17c.55 0 1-.45 1-1s-.45-1-1-1zm1.57-9.36c-.22-.8-1.04-1.27-1.84-1.06L14.92 10 8.46 3.98a1.06 1.06 0 0 0-1.02-.25c-.68.19-1 .97-.65 1.58l3.44 5.96-4.97 1.33-1.57-1.24c-.25-.19-.57-.26-.88-.18l-.33.09c-.32.08-.47.45-.3.73l1.88 3.25c.23.39.69.58 1.12.47L21 11.48c.8-.22 1.28-1.04 1.07-1.84z"
    />
  </svg>
  <svg
    aria-hidden="true"
    class="zero-stops-icon"
    fill="none"
    viewBox="0 0 267 3"
    xmlns="http://www.w3.org/2000/svg"
  >
    <path
      d="M2 1.5h263"
      stroke="#0D8C84"
      stroke-linecap="round"
      stroke-width="20"
    />
  </svg>
  <svg
    aria-hidden="true"
    class="c1 flight-land"
    fill="currentColor"
    focusable="false"
    viewBox="0 0 24 24"
    xmlns="http://www.w3.org/2000/svg"
  >
    <path
      d="M20.5 19h-17c-.55 0-1 .45-1 1s.45 1 1 1h17c.55 0 1-.45 1-1s-.45-1-1-1zM3.51 11.61l15.83 4.24c.8.21 1.62-.26 1.84-1.06.21-.8-.26-1.62-1.06-1.84l-5.31-1.42-2.58-8.45a1.08 1.08 0 0 0-.75-.73c-.68-.18-1.35.33-1.35 1.04v6.88L5.15 8.95 4.4 7.09a.991.991 0 0 0-.67-.59l-.33-.09a.495.495 0 0 0-.63.48v3.75c0 .46.3.85.74.97z"
    />
  </svg>
</div>
`;
